[0m[0K]0;://hd.ad.syr.edu/02/c3964a/Documents/Desktop/iecastro.github.io[?25l
[0;32miecastro@FALK-PH-NSF-L10 [0;35m [0;33m//hd.ad.syr.edu/02/c3964a/Documents/Desktop/iecastro.github.i[0Ko
[0;36m (master)[0m[0K
$[0K[3G[?25h[?25l$ g[0K[?25hi[0Kt[0K[7G[?25l$ git s[0K[?25ht[0Ka[0Kt[0Ku[0Ks[0K[?25l
[0K[?25hOn branch master[0K[?25l
Your branch is behind 'origin/master' by 10 commits, and can be fast-forwarded.[0K
  (use "git pull" to update your local branch)[0K
[0K
Changes to be committed:[0K
  (use "git reset HEAD <file>..." to unstage)[0K
[0K
        [0;32mmodified:   .Rproj.user/373AB441/console06/6A3004F6[0m[0K
        [0;32mnew file:   .Rproj.user/373AB441/console06/BEBCDDCF[0m[0K
        [0;32mmodified:   .Rproj.user/373AB441/console06/INDEX001[0m[0K
        [0;32mnew file:   .Rproj.user/373AB441/pcs/files-pane.pper[0m[0K
        [0;32mnew file:   .Rproj.user/373AB441/pcs/source-pane.pper[0m[0K
        [0;32mnew file:   .Rproj.user/373AB441/pcs/windowlayoutstate.pper[0m[0K
        [0;32mnew file:   .Rproj.user/373AB441/pcs/workbench-pane.pper[0m[0K
        [0;32mnew file:   .Rproj.user/373AB441/rmd-outputs[0m[0K
        [0;32mnew file:   .Rproj.user/373AB441/saved_source_markers[0m[0K
        [0;32mdeleted:    .Rproj.user/373AB441/sources/s-68C01013/14581420-contents[0m[0K
        [0;32mdeleted:    .Rproj.user/373AB441/sources/s-68C01013/17D2953D-contents[0m[0K
        [0;32mdeleted:    .Rproj.user/373AB441/sources/s-68C01013/1A3D7C45-contents[0m[0K
        [0;32mdeleted:    .Rproj.user/373AB441/sources/s-68C01013/1B0D21D8-contents[0m[0K
        [0;32mdeleted:    .Rproj.user/373AB441/sources/s-68C01013/1E3C079-contents[0m[0K
        [0;32mdeleted:    .Rproj.user/373AB441/sources/s-68C01013/20F06744-contents[0m[0K
        [0;32mdeleted:    .Rproj.user/373AB441/sources/s-68C01013/25AFEEE9-contents[0m[0K
        [0;32mdeleted:    .Rproj.user/373AB441/sources/s-68C01013/2931822D-contents[0m[0K
        [0;32mdeleted:    .Rproj.user/373AB441/sources/s-68C01013/296222A2-contents[0m[0K
        [0;32mdeleted:    .Rproj.user/373AB441/sources/s-68C01013/2A8F572D-contents[0m[0K
        [0;32mdeleted:    .Rproj.user/373AB441/sources/s-68C01013/2C7B5683-contents[0m[0K
        [0;32mdeleted:    .Rproj.user/373AB441/sources/s-68C01013/30AF3EE2-contents[0m[0K
        [0;32mdeleted:    .Rproj.user/373AB441/sources/s-68C01013/31C07861-contents[0m[0K
        [0;32mdeleted:    .Rproj.user/373AB441/sources/s-68C01013/32F44457-contents[0m[0K
        [0;32mdeleted:    .Rproj.user/373AB441/sources/s-68C01013/36DCE7EA-contents[0m[0K
        [0;32mdeleted:    .Rproj.user/373AB441/sources/s-68C01013/3BCB5F44-contents[0m[0K
        [0;32mdeleted:    .Rproj.user/373AB441/sources/s-68C01013/3DB3B54B-contents[0m[0K
        [0;32mdeleted:    .Rproj.user/373AB441/sources/s-68C01013/420613D8-contents[0m[0K
        [0;32mdeleted:    .Rproj.user/373AB441/sources/s-68C01013/42B6E839-contents[0m[0K
        [0;32mdeleted:    .Rproj.user/373AB441/sources/s-68C01013/43FD5BD8-contents[0m[0K
        [0;32mdeleted:    .Rproj.user/373AB441/sources/s-68C01013/45254638-contents[0m[0K
        [0;32mdeleted:    .Rproj.user/373AB441/sources/s-68C01013/464754F0-contents[0m[0K
        [0;32mdeleted:    .Rproj.user/373AB441/sources/s-68C01013/490DB5BC-contents[0m[0K
        [0;32mdeleted:    .Rproj.user/373AB441/sources/s-68C01013/497422B-contents[0m[0K
        [0;32mdeleted:    .Rproj.user/373AB441/sources/s-68C01013/4C233171-contents[0m[0K
        [0;32mdeleted:    .Rproj.user/373AB441/sources/s-68C01013/4F25788A-contents[0m[0K
        [0;32mdeleted:    .Rproj.user/373AB441/sources/s-68C01013/5590C304-contents[0m[0K
        [0;32mdeleted:    .Rproj.user/373AB441/sources/s-68C01013/55C28BEE-contents[0m[0K
        [0;32mdeleted:    .Rproj.user/373AB441/sources/s-68C01013/56DECD14-contents[0m[0K
        [0;32mdeleted:    .Rproj.user/373AB441/sources/s-68C01013/579A91CC-contents[0m[0K
        [0;32mdeleted:    .Rproj.user/373AB441/sources/s-68C01013/57F8E12A-contents[0m[0K
        [0;32mdeleted:    .Rproj.user/373AB441/sources/s-68C01013/5AC48DF3-contents[0m[0K
        [0;32mdeleted:    .Rproj.user/373AB441/sources/s-68C01013/5CCB6882-contents[0m[0K
        [0;32mdeleted:    .Rproj.user/373AB441/sources/s-68C01013/63F8692A-contents[0m[0K
        [0;32mdeleted:    .Rproj.user/373AB441/sources/s-68C01013/6A2F0241-contents[0m[0K
        [0;32mdeleted:    .Rproj.user/373AB441/sources/s-68C01013/6AE5CFA7-contents[0m[0K
        [0;32mdeleted:    .Rproj.user/373AB441/sources/s-68C01013/6F5F5703[0m[0K
        [0;32mdeleted:    .Rproj.user/373AB441/sources/s-68C01013/6F5F5703-contents[0m[0K
        [0;32mdeleted:    .Rproj.user/373AB441/sources/s-68C01013/74D45D90-contents[0m[0K
        [0;32mdeleted:    .Rproj.user/373AB441/sources/s-68C01013/75AA8EF3-contents[0m[0K
        [0;32mdeleted:    .Rproj.user/373AB441/sources/s-68C01013/791D317E-contents[0m[0K
        [0;32mdeleted:    .Rproj.user/373AB441/sources/s-68C01013/798CCA98-contents[0m[0K
        [0;32mdeleted:    .Rproj.user/373AB441/sources/s-68C01013/823CF11-contents[0m[0K
        [0;32mdeleted:    .Rproj.user/373AB441/sources/s-68C01013/828DAD4[0m[0K
        [0;32mdeleted:    .Rproj.user/373AB441/sources/s-68C01013/828DAD4-contents[0m[0K
        [0;32mdeleted:    .Rproj.user/373AB441/sources/s-68C01013/82D015F7-contents[0m[0K
        [0;32mdeleted:    .Rproj.user/373AB441/sources/s-68C01013/84D0353F-contents[0m[0K
        [0;32mdeleted:    .Rproj.user/373AB441/sources/s-68C01013/89E9CC25-contents[0m[0K
        [0;32mdeleted:    .Rproj.user/373AB441/sources/s-68C01013/8B0C006B-contents[0m[0K
        [0;32mdeleted:    .Rproj.user/373AB441/sources/s-68C01013/8D2A197-contents[0m[0K
        [0;32mdeleted:    .Rproj.user/373AB441/sources/s-68C01013/91905BF5-contents[0m[0K
        [0;32mdeleted:    .Rproj.user/373AB441/sources/s-68C01013/924CAABE-contents[0m[0K
        [0;32mdeleted:    .Rproj.user/373AB441/sources/s-68C01013/954D8F54-contents[0m[0K
        [0;32mdeleted:    .Rproj.user/373AB441/sources/s-68C01013/9702A414[0m[0K
        [0;32mdeleted:    .Rproj.user/373AB441/sources/s-68C01013/9702A414-contents[0m[0K
        [0;32mdeleted:    .Rproj.user/373AB441/sources/s-68C01013/9C32D813-contents[0m[0K
        [0;32mdeleted:    .Rproj.user/373AB441/sources/s-68C01013/9DAEE920-contents[0m[0K
        [0;32mdeleted:    .Rproj.user/373AB441/sources/s-68C01013/A072F06C-contents[0m[0K
        [0;32mdeleted:    .Rproj.user/373AB441/sources/s-68C01013/A31B9C12-contents[0m[0K
        [0;32mdeleted:    .Rproj.user/373AB441/sources/s-68C01013/A8A42964-contents[0m[0K
        [0;32mdeleted:    .Rproj.user/373AB441/sources/s-68C01013/AEE2E4C9-contents[0m[0K
        [0;32mdeleted:    .Rproj.user/373AB441/sources/s-68C01013/AFA2EF02-contents[0m[0K
        [0;32mdeleted:    .Rproj.user/373AB441/sources/s-68C01013/AFF032A7-contents[0m[0K
        [0;32mdeleted:    .Rproj.user/373AB441/sources/s-68C01013/B38F9338-contents[0m[0K
        [0;32mdeleted:    .Rproj.user/373AB441/sources/s-68C01013/B469A8DD-contents[0m[0K
        [0;32mdeleted:    .Rproj.user/373AB441/sources/s-68C01013/B92E43B6-contents[0m[0K
        [0;32mdeleted:    .Rproj.user/373AB441/sources/s-68C01013/B99C6C8B-contents[0m[0K
        [0;32mdeleted:    .Rproj.user/373AB441/sources/s-68C01013/BFB38A1F-contents[0m[0K
        [0;32mdeleted:    .Rproj.user/373AB441/sources/s-68C01013/C01D84B1-contents[0m[0K
        [0;32mdeleted:    .Rproj.user/373AB441/sources/s-68C01013/CB98F0F7-contents[0m[0K
        [0;32mdeleted:    .Rproj.user/373AB441/sources/s-68C01013/CE587ABC-contents[0m[0K
        [0;32mdeleted:    .Rproj.user/373AB441/sources/s-68C01013/D0972EAF-contents[0m[0K
        [0;32mdeleted:    .Rproj.user/373AB441/sources/s-68C01013/D4C3602B-contents[0m[0K
        [0;32mdeleted:    .Rproj.user/373AB441/sources/s-68C01013/D9994E8A-contents[0m[0K
        [0;32mdeleted:    .Rproj.user/373AB441/sources/s-68C01013/DA1FA3AA-contents[0m[0K
        [0;32mdeleted:    .Rproj.user/373AB441/sources/s-68C01013/DC2FE42F-contents[0m[0K
        [0;32mdeleted:    .Rproj.user/373AB441/sources/s-68C01013/DDEB6258-contents[0m[0K
        [0;32mdeleted:    .Rproj.user/373AB441/sources/s-68C01013/E454E8D6-contents[0m[0K
        [0;32mdeleted:    .Rproj.user/373AB441/sources/s-68C01013/E716640C-contents[0m[0K
        [0;32mdeleted:    .Rproj.user/373AB441/sources/s-68C01013/E74782BD-contents[0m[0K
        [0;32mdeleted:    .Rproj.user/373AB441/sources/s-68C01013/E7B17504-contents[0m[0K
        [0;32mdeleted:    .Rproj.user/373AB441/sources/s-68C01013/EB2FABE9-contents[0m[0K
        [0;32mdeleted:    .Rproj.user/373AB441/sources/s-68C01013/EC1E8569-contents[0m[0K
        [0;32mdeleted:    .Rproj.user/373AB441/sources/s-68C01013/EFB435F5-contents[0m[0K
        [0;32mdeleted:    .Rproj.user/373AB441/sources/s-68C01013/F22CFBD8-contents[0m[0K
        [0;32mdeleted:    .Rproj.user/373AB441/sources/s-68C01013/FCC7A2B9-contents[0m[0K
        [0;32mdeleted:    .Rproj.user/373AB441/sources/s-68C01013/FDF10848-contents[0m[0K
        [0;32mnew file:   .Rproj.user/373AB441/sources/s-DB2488A1/9B015E9[0m[0K[?25h[?25l
        [0;32mrenamed:    .Rproj.user/373AB441/sources/s-68C01013/28CADCEF-contents -> .Rproj[0K.
user/373AB441/sources/s-DB2488A1/9B015E9-contents[0m[0K
        [0;32mnew file:   .Rproj.user/373AB441/sources/s-DB2488A1/E91E6603[0m[0K
        [0;32mrenamed:    .Rproj.user/373AB441/sources/s-68C01013/200C83-contents -> .Rproj.u[0Ks
er/373AB441/sources/s-DB2488A1/E91E6603-contents[0m[0K
        [0;32mrenamed:    .Rproj.user/373AB441/sources/s-68C01013/lock_file -> .Rproj.user/37[0K3
AB441/sources/s-DB2488A1/lock_file[0m[0K
        [0;32mdeleted:    .Rproj.user/shared/notebooks/728EF79B-2018-9-13-ndi-dist-prof/1/373[0KA
B44168C01013/chunks.json[0m[0K
        [0;32mmodified:   blog.md[0m[0K
[0K
Changes not staged for commit:[0K
  (use "git add/rm <file>..." to update what will be committed)[0K
  (use "git checkout -- <file>..." to discard changes in working directory)[0K
[0K
        [0;31mmodified:   .Rproj.user/373AB441/console06/BEBCDDCF[0m[0K
        [0;31mmodified:   .Rproj.user/373AB441/console06/INDEX001[0m[0K
        [0;31mdeleted:    .Rproj.user/373AB441/sources/s-DB2488A1/9B015E9[0m[0K
        [0;31mdeleted:    .Rproj.user/373AB441/sources/s-DB2488A1/E91E6603[0m[0K
[0K
Untracked files:[0K
  (use "git add <file>..." to include in what will be committed)[0K
[0K
        [0;31m.Rproj.user/373AB441/console06/A5FF6CAB[0m[0K
[0K
[0K[?25h[?25l
[0;32miecastro@FALK-PH-NSF-L10 [0;35m [0;33m//hd.ad.syr.edu/02/c3964a/Documents/Desktop/iecastro.github.i[0Ko
[0;36m (master)[0m[0K
$[0K[3G[?25h[?25l$ g[0K[?25hi[0Kt[0K[7G[?25l$ git r[0K[?25he[0Ks[0Ke[0Kt[0K[?25l
[0K[?25hUnstaged changes after reset:[0K[?25l
M       .Rproj.user/373AB441/console06/6A3004F6[0K
M       .Rproj.user/373AB441/console06/INDEX001[0K
D       .Rproj.user/373AB441/sources/s-68C01013/14581420-contents[0K
D       .Rproj.user/373AB441/sources/s-68C01013/17D2953D-contents[0K
D       .Rproj.user/373AB441/sources/s-68C01013/1A3D7C45-contents[0K
D       .Rproj.user/373AB441/sources/s-68C01013/1B0D21D8-contents[0K
D       .Rproj.user/373AB441/sources/s-68C01013/1E3C079-contents[0K
D       .Rproj.user/373AB441/sources/s-68C01013/200C83-contents[0K
D       .Rproj.user/373AB441/sources/s-68C01013/20F06744-contents[0K
D       .Rproj.user/373AB441/sources/s-68C01013/25AFEEE9-contents[0K
D       .Rproj.user/373AB441/sources/s-68C01013/28CADCEF-contents[0K
D       .Rproj.user/373AB441/sources/s-68C01013/2931822D-contents[0K
D       .Rproj.user/373AB441/sources/s-68C01013/296222A2-contents[0K
D       .Rproj.user/373AB441/sources/s-68C01013/2A8F572D-contents[0K
D       .Rproj.user/373AB441/sources/s-68C01013/2C7B5683-contents[0K
D       .Rproj.user/373AB441/sources/s-68C01013/30AF3EE2-contents[0K
D       .Rproj.user/373AB441/sources/s-68C01013/31C07861-contents[0K
D       .Rproj.user/373AB441/sources/s-68C01013/32F44457-contents[0K
D       .Rproj.user/373AB441/sources/s-68C01013/36DCE7EA-contents[0K
D       .Rproj.user/373AB441/sources/s-68C01013/3BCB5F44-contents[0K
D       .Rproj.user/373AB441/sources/s-68C01013/3DB3B54B-contents[0K
D       .Rproj.user/373AB441/sources/s-68C01013/420613D8-contents[0K
D       .Rproj.user/373AB441/sources/s-68C01013/42B6E839-contents[0K
D       .Rproj.user/373AB441/sources/s-68C01013/43FD5BD8-contents[0K
D       .Rproj.user/373AB441/sources/s-68C01013/45254638-contents[0K
D       .Rproj.user/373AB441/sources/s-68C01013/464754F0-contents[0K
D       .Rproj.user/373AB441/sources/s-68C01013/490DB5BC-contents[0K
D       .Rproj.user/373AB441/sources/s-68C01013/497422B-contents[0K
D       .Rproj.user/373AB441/sources/s-68C01013/4C233171-contents[0K
D       .Rproj.user/373AB441/sources/s-68C01013/4F25788A-contents[0K
D       .Rproj.user/373AB441/sources/s-68C01013/5590C304-contents[0K
D       .Rproj.user/373AB441/sources/s-68C01013/55C28BEE-contents[0K
D       .Rproj.user/373AB441/sources/s-68C01013/56DECD14-contents[0K
D       .Rproj.user/373AB441/sources/s-68C01013/579A91CC-contents[0K
D       .Rproj.user/373AB441/sources/s-68C01013/57F8E12A-contents[0K
D       .Rproj.user/373AB441/sources/s-68C01013/5AC48DF3-contents[0K
D       .Rproj.user/373AB441/sources/s-68C01013/5CCB6882-contents[0K
D       .Rproj.user/373AB441/sources/s-68C01013/63F8692A-contents[0K
D       .Rproj.user/373AB441/sources/s-68C01013/6A2F0241-contents[0K
D       .Rproj.user/373AB441/sources/s-68C01013/6AE5CFA7-contents[0K
D       .Rproj.user/373AB441/sources/s-68C01013/6F5F5703[0K
D       .Rproj.user/373AB441/sources/s-68C01013/6F5F5703-contents[0K
D       .Rproj.user/373AB441/sources/s-68C01013/74D45D90-contents[0K
D       .Rproj.user/373AB441/sources/s-68C01013/75AA8EF3-contents[0K
D       .Rproj.user/373AB441/sources/s-68C01013/791D317E-contents[0K
D       .Rproj.user/373AB441/sources/s-68C01013/798CCA98-contents[0K
D       .Rproj.user/373AB441/sources/s-68C01013/823CF11-contents[0K
D       .Rproj.user/373AB441/sources/s-68C01013/828DAD4[0K
D       .Rproj.user/373AB441/sources/s-68C01013/828DAD4-contents[0K
D       .Rproj.user/373AB441/sources/s-68C01013/82D015F7-contents[0K
D       .Rproj.user/373AB441/sources/s-68C01013/84D0353F-contents[0K
D       .Rproj.user/373AB441/sources/s-68C01013/89E9CC25-contents[0K
D       .Rproj.user/373AB441/sources/s-68C01013/8B0C006B-contents[0K
D       .Rproj.user/373AB441/sources/s-68C01013/8D2A197-contents[0K
D       .Rproj.user/373AB441/sources/s-68C01013/91905BF5-contents[0K
D       .Rproj.user/373AB441/sources/s-68C01013/924CAABE-contents[0K
D       .Rproj.user/373AB441/sources/s-68C01013/954D8F54-contents[0K
D       .Rproj.user/373AB441/sources/s-68C01013/9702A414[0K
D       .Rproj.user/373AB441/sources/s-68C01013/9702A414-contents[0K
D       .Rproj.user/373AB441/sources/s-68C01013/9C32D813-contents[0K
D       .Rproj.user/373AB441/sources/s-68C01013/9DAEE920-contents[0K
D       .Rproj.user/373AB441/sources/s-68C01013/A072F06C-contents[0K
D       .Rproj.user/373AB441/sources/s-68C01013/A31B9C12-contents[0K
D       .Rproj.user/373AB441/sources/s-68C01013/A8A42964-contents[0K
D       .Rproj.user/373AB441/sources/s-68C01013/AEE2E4C9-contents[0K
D       .Rproj.user/373AB441/sources/s-68C01013/AFA2EF02-contents[0K
D       .Rproj.user/373AB441/sources/s-68C01013/AFF032A7-contents[0K
D       .Rproj.user/373AB441/sources/s-68C01013/B38F9338-contents[0K
D       .Rproj.user/373AB441/sources/s-68C01013/B469A8DD-conten[0K[?25hts[0K[?25l
D       .Rproj.user/373AB441/sources/s-68C01013/B92E43B6-contents[0K
D       .Rproj.user/373AB441/sources/s-68C01013/B99C6C8B-contents[0K
D       .Rproj.user/373AB441/sources/s-68C01013/BFB38A1F-contents[0K
D       .Rproj.user/373AB441/sources/s-68C01013/C01D84B1-contents[0K
D       .Rproj.user/373AB441/sources/s-68C01013/CB98F0F7-contents[0K
D       .Rproj.user/373AB441/sources/s-68C01013/CE587ABC-contents[0K
D       .Rproj.user/373AB441/sources/s-68C01013/D0972EAF-contents[0K
D       .Rproj.user/373AB441/sources/s-68C01013/D4C3602B-contents[0K
D       .Rproj.user/373AB441/sources/s-68C01013/D9994E8A-contents[0K
D       .Rproj.user/373AB441/sources/s-68C01013/DA1FA3AA-contents[0K
D       .Rproj.user/373AB441/sources/s-68C01013/DC2FE42F-contents[0K
D       .Rproj.user/373AB441/sources/s-68C01013/DDEB6258-contents[0K
D       .Rproj.user/373AB441/sources/s-68C01013/E454E8D6-contents[0K
D       .Rproj.user/373AB441/sources/s-68C01013/E716640C-contents[0K
D       .Rproj.user/373AB441/sources/s-68C01013/E74782BD-contents[0K
D       .Rproj.user/373AB441/sources/s-68C01013/E7B17504-contents[0K
D       .Rproj.user/373AB441/sources/s-68C01013/EB2FABE9-contents[0K
D       .Rproj.user/373AB441/sources/s-68C01013/EC1E8569-contents[0K
D       .Rproj.user/373AB441/sources/s-68C01013/EFB435F5-contents[0K
D       .Rproj.user/373AB441/sources/s-68C01013/F22CFBD8-contents[0K
D       .Rproj.user/373AB441/sources/s-68C01013/FCC7A2B9-contents[0K
D       .Rproj.user/373AB441/sources/s-68C01013/FDF10848-contents[0K
D       .Rproj.user/373AB441/sources/s-68C01013/lock_file[0K
D       .Rproj.user/shared/notebooks/728EF79B-2018-9-13-ndi-dist-prof/1/373AB44168C0101[0K3
/chunks.json[0K
M       blog.md[0K
[0K[?25h[?25l
[0;32miecastro@FALK-PH-NSF-L10 [0;35m [0;33m//hd.ad.syr.edu/02/c3964a/Documents/Desktop/iecastro.github.i[0Ko
[0;36m (master)[0m[0K
$[0K[3G[?25h[?25l$ g[0K[?25h[?25li[0K[4G[?25h[5G[?25l$ git[0K[?25h[7G[?25l$ git op[0K[?25h[?25l$ git o[0K[?25h[?25l$ git[0K[7G[?25h[?25l$ git p[0K[?25hu[0Kl[0Kl[0K[12G[?25l$ git pull -[0K[?25h[?25l$ git pull[0K[12G[?25h[?25l$ git pull o[0K[?25hr[0Ki[0Kg[0Ki[0Kn ma[0Ks[0Kt[0Ke[0Kr[0K[?25l
[0K[?25hFrom https://github.com/iecastro/iecastro.github.io[0K[?25l
 * branch            master     -> FETCH_HEAD[0K
[0K[?25herror: Your local changes to the following files would be overwritten by merge:[0K[?25l
        blog.md[0K
Please commit your changes or stash them before you merge.[0K
Aborting[0K
[0K[?25hUpdating 5cdcbc7..99aa266[0K[?25l
[0K[?25h[?25l
[0;32miecastro@FALK-PH-NSF-L10 [0;35m [0;33m//hd.ad.syr.edu/02/c3964a/Documents/Desktop/iecastro.github.i[0Ko
[0;36m (master)[0m[0K
$[0K[3G[?25h[?25l$ g[0K[?25hi[0Kt[0K[7G[?25l$ git c[0K[?25ho[0Km[0Kmi[0Kt[0K[14G[?25l$ git commit -[0K[?25hm[0K[17G[?25l$ git commit -m "[0K[?25hu[0Kp[0Kd[0Ka[0Kt[0Ke[0K[?25l'[0K[24G[?25h[25G[?25l$ git commit -m "update[0K[?25h[?25l$ git commit -m "updat[0K[?25h[?25l$ git commit -m "upda[0K[?25h[?25l$ git commit -m "upd[0K[22G[?25h[21G[?25l$ git commit -m "up[0K[?25h[?25l$ git commit -m "u[0K[?25h[?25l$ git commit -m "[0K[?25hc[0Ko[0Km[0Km[0Ki[0Kt[0K[25G[?25l$ git commit -m "commit l[0K[?25ho[0Kc[0Ka[0Kl[0K[31G[?25l$ git commit -m "commit local f[0K[?25ho[0Kr[0K[35G[?25l$ git commit -m "commit local for m[0K[?25ha[0Ks[0Kt[0Ke[0Kr[0K[42G[?25l$ git commit -m "commit local for master m[0K[?25he[0Kr[0Kg[0Ke[0K"[0K[?25l
[0K[?25hOn branch master[0K[?25l
Your branch is behind 'origin/master' by 10 commits, and can be fast-forwarded.[0K
  (use "git pull" to update your local branch)[0K
[0K
Changes not staged for commit:[0K
        [0;31mmodified:   .Rproj.user/373AB441/console06/6A3004F6[0m[0K
        [0;31mmodified:   .Rproj.user/373AB441/console06/INDEX001[0m[0K
        [0;31mdeleted:    .Rproj.user/373AB441/sources/s-68C01013/14581420-contents[0m[0K
        [0;31mdeleted:    .Rproj.user/373AB441/sources/s-68C01013/17D2953D-contents[0m[0K
        [0;31mdeleted:    .Rproj.user/373AB441/sources/s-68C01013/1A3D7C45-contents[0m[0K
        [0;31mdeleted:    .Rproj.user/373AB441/sources/s-68C01013/1B0D21D8-contents[0m[0K
        [0;31mdeleted:    .Rproj.user/373AB441/sources/s-68C01013/1E3C079-contents[0m[0K
        [0;31mdeleted:    .Rproj.user/373AB441/sources/s-68C01013/200C83-contents[0m[0K
        [0;31mdeleted:    .Rproj.user/373AB441/sources/s-68C01013/20F06744-contents[0m[0K
        [0;31mdeleted:    .Rproj.user/373AB441/sources/s-68C01013/25AFEEE9-contents[0m[0K
        [0;31mdeleted:    .Rproj.user/373AB441/sources/s-68C01013/28CADCEF-contents[0m[0K
        [0;31mdeleted:    .Rproj.user/373AB441/sources/s-68C01013/2931822D-contents[0m[0K
        [0;31mdeleted:    .Rproj.user/373AB441/sources/s-68C01013/296222A2-contents[0m[0K
        [0;31mdeleted:    .Rproj.user/373AB441/sources/s-68C01013/2A8F572D-contents[0m[0K
        [0;31mdeleted:    .Rproj.user/373AB441/sources/s-68C01013/2C7B5683-contents[0m[0K
        [0;31mdeleted:    .Rproj.user/373AB441/sources/s-68C01013/30AF3EE2-contents[0m[0K
        [0;31mdeleted:    .Rproj.user/373AB441/sources/s-68C01013/31C07861-contents[0m[0K
        [0;31mdeleted:    .Rproj.user/373AB441/sources/s-68C01013/32F44457-contents[0m[0K
        [0;31mdeleted:    .Rproj.user/373AB441/sources/s-68C01013/36DCE7EA-contents[0m[0K
        [0;31mdeleted:    .Rproj.user/373AB441/sources/s-68C01013/3BCB5F44-contents[0m[0K
        [0;31mdeleted:    .Rproj.user/373AB441/sources/s-68C01013/3DB3B54B-contents[0m[0K
        [0;31mdeleted:    .Rproj.user/373AB441/sources/s-68C01013/420613D8-contents[0m[0K
        [0;31mdeleted:    .Rproj.user/373AB441/sources/s-68C01013/42B6E839-contents[0m[0K
        [0;31mdeleted:    .Rproj.user/373AB441/sources/s-68C01013/43FD5BD8-contents[0m[0K
        [0;31mdeleted:    .Rproj.user/373AB441/sources/s-68C01013/45254638-contents[0m[0K
        [0;31mdeleted:    .Rproj.user/373AB441/sources/s-68C01013/464754F0-contents[0m[0K
        [0;31mdeleted:    .Rproj.user/373AB441/sources/s-68C01013/490DB5BC-contents[0m[0K
        [0;31mdeleted:    .Rproj.user/373AB441/sources/s-68C01013/497422B-contents[0m[0K
        [0;31mdeleted:    .Rproj.user/373AB441/sources/s-68C01013/4C233171-contents[0m[0K
        [0;31mdeleted:    .Rproj.user/373AB441/sources/s-68C01013/4F25788A-contents[0m[0K
        [0;31mdeleted:    .Rproj.user/373AB441/sources/s-68C01013/5590C304-contents[0m[0K
        [0;31mdeleted:    .Rproj.user/373AB441/sources/s-68C01013/55C28BEE-contents[0m[0K
        [0;31mdeleted:    .Rproj.user/373AB441/sources/s-68C01013/56DECD14-contents[0m[0K
        [0;31mdeleted:    .Rproj.user/373AB441/sources/s-68C01013/579A91CC-contents[0m[0K
        [0;31mdeleted:    .Rproj.user/373AB441/sources/s-68C01013/57F8E12A-contents[0m[0K
        [0;31mdeleted:    .Rproj.user/373AB441/sources/s-68C01013/5AC48DF3-contents[0m[0K
        [0;31mdeleted:    .Rproj.user/373AB441/sources/s-68C01013/5CCB6882-contents[0m[0K
        [0;31mdeleted:    .Rproj.user/373AB441/sources/s-68C01013/63F8692A-contents[0m[0K
        [0;31mdeleted:    .Rproj.user/373AB441/sources/s-68C01013/6A2F0241-contents[0m[0K
        [0;31mdeleted:    .Rproj.user/373AB441/sources/s-68C01013/6AE5CFA7-contents[0m[0K
        [0;31mdeleted:    .Rproj.user/373AB441/sources/s-68C01013/6F5F5703[0m[0K
        [0;31mdeleted:    .Rproj.user/373AB441/sources/s-68C01013/6F5F5703-contents[0m[0K
        [0;31mdeleted:    .Rproj.user/373AB441/sources/s-68C01013/74D45D90-contents[0m[0K
        [0;31mdeleted:    .Rproj.user/373AB441/sources/s-68C01013/75AA8EF3-contents[0m[0K
        [0;31mdeleted:    .Rproj.user/373AB441/sources/s-68C01013/791D317E-contents[0m[0K
        [0;31mdeleted:    .Rproj.user/373AB441/sources/s-68C01013/798CCA98-contents[0m[0K
        [0;31mdeleted:    .Rproj.user/373AB441/sources/s-68C01013/823CF11-contents[0m[0K
        [0;31mdeleted:    .Rproj.user/373AB441/sources/s-68C01013/828DAD4[0m[0K
        [0;31mdeleted:    .Rproj.user/373AB441/sources/s-68C01013/828DAD4-contents[0m[0K
        [0;31mdeleted:    .Rproj.user/373AB441/sources/s-68C01013/82D015F7-contents[0m[0K
        [0;31mdeleted:    .Rproj.user/373AB441/sources/s-68C01013/84D0353F-contents[0m[0K
        [0;31mdeleted:    .Rproj.user/373AB441/sources/s-68C01013/89E9CC25-contents[0m[0K
        [0;31mdeleted:    .Rproj.user/373AB441/sources/s-68C01013/8B0C006B-contents[0m[0K
        [0;31mdeleted:    .Rproj.user/373AB441/sources/s-68C01013/8D2A197-contents[0m[0K
        [0;31mdeleted:    .Rproj.user/373AB441/sources/s-68C01013/91905BF5-contents[0m[0K
        [0;31mdeleted:    .Rproj.user/373AB441/sources/s-68C01013/924CAABE-contents[0m[0K
        [0;31mdeleted:    .Rproj.user/373AB441/sources/s-68C01013/954D8F54-contents[0m[0K
        [0;31mdeleted:    .Rproj.user/373AB441/sources/s-68C01013/9702A414[0m[0K
        [0;31mdeleted:    .Rproj.user/373AB441/sources/s-68C01013/9702A414-contents[0m[0K
        [0;31mdeleted:    .Rproj.user/373AB441/sources/s-68C01013/9C32D813-contents[0m[0K
        [0;31mdeleted:    .Rproj.user/373AB441/sources/s-68C01013/9DAEE920-contents[0m[0K
        [0;31mdeleted:    .Rproj.user/373AB441/sources/s-68C01013/A072F06C-contents[0m[0K
        [0;31mdeleted:    .Rproj.user/373AB441/sources/s-68C01013/A31B9C12-contents[0m[0K
        [0;31mdeleted:    .Rproj.user/373AB441/sources/s-68C01013/A8A42964-contents[0m[0K
        [0;31mdeleted:    .Rproj.user/373AB441/sources/s-68C01013/AEE2E4C9-contents[0m[0K
        [0;31mdeleted:    .Rproj.user/373AB441/sources/s-68C01013/AFA2EF02-contents[0m[0K
        [0;31mdeleted:    .Rproj.user/373AB441/sources/s-68C01013/AFF032A7-contents[0m[0K
        [0;31mdeleted:    .Rproj.user/373AB441/sources/s-68C01013/B38F9338-contents[0m[0K
        [0;31mdeleted:    .Rproj.user/373AB441/sources/s-68C01013/B469A8DD-contents[0m[0K
        [0;31mdeleted:    .Rproj.user/373AB441/sources/s-68C01013/B92E43B6-contents[0m[0K
        [0;31mdeleted:    .Rproj.user/373AB441/sources/s-68C01013/B99C6C8B-contents[0m[0K
        [0;31mdeleted:    .Rproj.user/373AB441/sources/s-68C01013/BFB38A1F-contents[0m[0K
        [0;31mdeleted:    .Rproj.user/373AB441/sources/s-68C01013/C01D84B1-contents[0m[0K
        [0;31mdeleted:    .Rproj.user/373AB441/sources/s-68C01013/CB98F0F7-contents[0m[0K
        [0;31mdeleted:    .Rproj.user/373AB441/sources/s-68C01013/CE587ABC-contents[0m[0K
        [0;31mdeleted:    .Rproj.user/373AB441/sources/s-68C01013/D0972EAF-contents[0m[0K[?25h[?25l
        [0;31mdeleted:    .Rproj.user/373AB441/sources/s-68C01013/D4C3602B-contents[0m[0K
        [0;31mdeleted:    .Rproj.user/373AB441/sources/s-68C01013/D9994E8A-contents[0m[0K
        [0;31mdeleted:    .Rproj.user/373AB441/sources/s-68C01013/DA1FA3AA-contents[0m[0K
        [0;31mdeleted:    .Rproj.user/373AB441/sources/s-68C01013/DC2FE42F-contents[0m[0K
        [0;31mdeleted:    .Rproj.user/373AB441/sources/s-68C01013/DDEB6258-contents[0m[0K
        [0;31mdeleted:    .Rproj.user/373AB441/sources/s-68C01013/E454E8D6-contents[0m[0K
        [0;31mdeleted:    .Rproj.user/373AB441/sources/s-68C01013/E716640C-contents[0m[0K
        [0;31mdeleted:    .Rproj.user/373AB441/sources/s-68C01013/E74782BD-contents[0m[0K
        [0;31mdeleted:    .Rproj.user/373AB441/sources/s-68C01013/E7B17504-contents[0m[0K
        [0;31mdeleted:    .Rproj.user/373AB441/sources/s-68C01013/EB2FABE9-contents[0m[0K
        [0;31mdeleted:    .Rproj.user/373AB441/sources/s-68C01013/EC1E8569-contents[0m[0K
        [0;31mdeleted:    .Rproj.user/373AB441/sources/s-68C01013/EFB435F5-contents[0m[0K
        [0;31mdeleted:    .Rproj.user/373AB441/sources/s-68C01013/F22CFBD8-contents[0m[0K
        [0;31mdeleted:    .Rproj.user/373AB441/sources/s-68C01013/FCC7A2B9-contents[0m[0K
        [0;31mdeleted:    .Rproj.user/373AB441/sources/s-68C01013/FDF10848-contents[0m[0K
        [0;31mdeleted:    .Rproj.user/373AB441/sources/s-68C01013/lock_file[0m[0K
        [0;31mdeleted:    .Rproj.user/shared/notebooks/728EF79B-2018-9-13-ndi-dist-prof/1/373[0KA
B44168C01013/chunks.json[0m[0K
        [0;31mmodified:   blog.md[0m[0K
[0K
Untracked files:[0K
        [0;31m.Rproj.user/373AB441/console06/A5FF6CAB[0m[0K
        [0;31m.Rproj.user/373AB441/console06/BEBCDDCF[0m[0K
        [0;31m.Rproj.user/373AB441/pcs/[0m[0K
        [0;31m.Rproj.user/373AB441/rmd-outputs[0m[0K
        [0;31m.Rproj.user/373AB441/saved_source_markers[0m[0K
        [0;31m.Rproj.user/373AB441/sources/s-DB2488A1/[0m[0K
[0K
no changes added to commit[0K
[0K[?25h[?25l
[0;32miecastro@FALK-PH-NSF-L10 [0;35m [0;33m//hd.ad.syr.edu/02/c3964a/Documents/Desktop/iecastro.github.i[0Ko
[0;36m (master)[0m[0K
$[0K[3G[?25h[?25l$ g[0K[?25hi[0Kt[0K[7G[?25l$ git a[0K[?25hd[0Kd[0K[11G[?25l$ git add -[0K[?25hA[0K[?25l
[0K[?25h